// Jest Snapshot v1, https://goo.gl/fbAQLP

exports[`Message should match snapshot 1`] = `
<li>
  <img
    alt="Martin Bradley's avatar"
    className="avatar"
    src="http://dummyimage.com/100x100.png/5fa2dd/ffffff"
  />
  <div
    className="message"
    onMouseEnter={[Function]}
    onMouseLeave={[Function]}
  >
    Quisque erat eros, viverra eget, congue eget, semper rutrum, nulla.
  </div>
  <div
    className="timestamp"
  >
    Thu, 09 Feb 2017 04:27:38 GMT
  </div>
  <div
    className="email"
    style={
      Object {
        "visibility": "hidden",
      }
    }
  >
    mbradley0@google.it
  </div>
</li>
`;
